#-----------------------------------------------------------
# Vivado v2021.2 (64-bit)
# SW Build 3367213 on Tue Oct 19 02:48:09 MDT 2021
# IP Build 3369179 on Thu Oct 21 08:25:16 MDT 2021
# Start of session at: Sat Sep 10 15:26:33 2022
# Process ID: 13612
# Current directory: C:/Users/likea/Desktop/GradProject/github/FPGA-Code/Sensors/Vivado/All_Sensors/All_Sensors.runs/axi_cdma_0_synth_1
# Command line: vivado.exe -log axi_cdma_0.vds -product Vivado -mode batch -messageDb vivado.pb -notrace -source axi_cdma_0.tcl
# Log file: C:/Users/likea/Desktop/GradProject/github/FPGA-Code/Sensors/Vivado/All_Sensors/All_Sensors.runs/axi_cdma_0_synth_1/axi_cdma_0.vds
# Journal file: C:/Users/likea/Desktop/GradProject/github/FPGA-Code/Sensors/Vivado/All_Sensors/All_Sensors.runs/axi_cdma_0_synth_1\vivado.jou
# Running On: DESKTOP-EUSE40U, OS: Windows, CPU Frequency: 3000 MHz, CPU Physical cores: 4, Host memory: 8522 MB
#-----------------------------------------------------------
source axi_cdma_0.tcl -notrace
